{
  "openapi": "3.0.1",
  "info": {
    "title": "My API",
    "version": "v1"
  },
  "paths": {
    "/api/Product": {
      "get": {
        "tags": [
          "Product"
        ],
        "responses": {
          "200": {
            "description": "Success",
            "content": {
              "text/plain": {
                "schema": {
                  "type": "array",
                  "items": {
                    "$ref": "#/components/schemas/ProductViewModel"
                  }
                }
              },
              "application/json": {
                "schema": {
                  "type": "array",
                  "items": {
                    "$ref": "#/components/schemas/ProductViewModel"
                  }
                }
              },
              "text/json": {
                "schema": {
                  "type": "array",
                  "items": {
                    "$ref": "#/components/schemas/ProductViewModel"
                  }
                }
              }
            }
          }
        }
      }
    }
  },
  "components": {
    "schemas": {
      "ProductViewModel": {
        "type": "object",
        "properties": {
          "productName": {
            "type": "string"
          },
          "id": {
            "type": "integer",
            "format": "int32"
          }
        },
        "additionalProperties": false
      }
    }
  }
}